[2026-02-04 11:28:20 : INFO] - Cache for URL: http://localhost/zeliigcaretheme/specialties/commitment-at-zellig/ has been purged, triggered by action: save_post 
[2026-02-04 11:28:20 : INFO] - Cache for archive page associated with post_type: specialty and Title: "Commitment At Zellig" has been purged, triggered by action: save_post 
[2026-02-04 11:28:21 : INFO] - Cache for URL: http://localhost/zeliigcaretheme/specialties/commitment-at-zellig/ has been purged, triggered by action: save_post 
[2026-02-04 11:28:21 : INFO] - Cache for archive page associated with post_type: specialty and Title: "Commitment At Zellig" has been purged, triggered by action: save_post 
[2026-02-04 11:29:22 : INFO] - Cache for URL: http://localhost/zeliigcaretheme/specialties/commitment-at-zellig/ has been purged, triggered by action: save_post 
[2026-02-04 11:29:22 : INFO] - Cache for archive page associated with post_type: specialty and Title: "Commitment At Zellig" has been purged, triggered by action: save_post 
[2026-02-04 11:29:23 : INFO] - Cache for URL: http://localhost/zeliigcaretheme/specialties/commitment-at-zellig/ has been purged, triggered by action: save_post 
[2026-02-04 11:29:23 : INFO] - Cache for archive page associated with post_type: specialty and Title: "Commitment At Zellig" has been purged, triggered by action: save_post 
[2026-02-04 11:30:57 : INFO] - Cache for URL: http://localhost/zeliigcaretheme/specialties/adhd/ has been purged, triggered by action: save_post 
[2026-02-04 11:30:57 : INFO] - Cache for archive page associated with post_type: specialty and Title: "ADHD" has been purged, triggered by action: save_post 
[2026-02-04 11:30:58 : INFO] - Cache for URL: http://localhost/zeliigcaretheme/specialties/adhd/ has been purged, triggered by action: save_post 
[2026-02-04 11:30:58 : INFO] - Cache for archive page associated with post_type: specialty and Title: "ADHD" has been purged, triggered by action: save_post 
[2026-02-04 11:31:03 : INFO] - Cache for URL: http://localhost/zeliigcaretheme/specialties/adhd/ has been purged, triggered by action: save_post 
[2026-02-04 11:31:03 : INFO] - Cache for archive page associated with post_type: specialty and Title: "ADHD" has been purged, triggered by action: save_post 
[2026-02-04 11:31:04 : INFO] - Cache for URL: http://localhost/zeliigcaretheme/specialties/adhd/ has been purged, triggered by action: save_post 
[2026-02-04 11:31:04 : INFO] - Cache for archive page associated with post_type: specialty and Title: "ADHD" has been purged, triggered by action: save_post 
[2026-02-04 11:31:39 : INFO] - Cache for URL: http://localhost/zeliigcaretheme/specialties/ocd/ has been purged, triggered by action: save_post 
[2026-02-04 11:31:39 : INFO] - Cache for archive page associated with post_type: specialty and Title: "OCD" has been purged, triggered by action: save_post 
[2026-02-04 11:31:40 : INFO] - Cache for URL: http://localhost/zeliigcaretheme/specialties/ocd/ has been purged, triggered by action: save_post 
[2026-02-04 11:31:40 : INFO] - Cache for archive page associated with post_type: specialty and Title: "OCD" has been purged, triggered by action: save_post 
[2026-02-04 11:32:09 : INFO] - Cache for URL: http://localhost/zeliigcaretheme/specialties/commitment-at-zellig/ has been purged, triggered by action: save_post 
[2026-02-04 11:32:09 : INFO] - Cache for archive page associated with post_type: specialty and Title: "Anxiety" has been purged, triggered by action: save_post 
[2026-02-04 11:32:43 : INFO] - Cache for URL: http://localhost/zeliigcaretheme/specialties/insomnia/ has been purged, triggered by action: save_post 
[2026-02-04 11:32:43 : INFO] - Cache for archive page associated with post_type: specialty and Title: "Insomnia" has been purged, triggered by action: save_post 
[2026-02-04 11:32:44 : INFO] - Cache for URL: http://localhost/zeliigcaretheme/specialties/insomnia/ has been purged, triggered by action: save_post 
[2026-02-04 11:32:44 : INFO] - Cache for archive page associated with post_type: specialty and Title: "Insomnia" has been purged, triggered by action: save_post 
[2026-02-04 11:33:06 : INFO] - Cache for URL: http://localhost/zeliigcaretheme/specialties/insomnia/ has been purged, triggered by action: save_post 
[2026-02-04 11:33:06 : INFO] - Cache for archive page associated with post_type: specialty and Title: "Insomnia" has been purged, triggered by action: save_post 
[2026-02-04 11:33:06 : INFO] - Cache for URL: http://localhost/zeliigcaretheme/specialties/insomnia/ has been purged, triggered by action: save_post 
[2026-02-04 11:33:06 : INFO] - Cache for archive page associated with post_type: specialty and Title: "Insomnia" has been purged, triggered by action: save_post 
[2026-02-04 11:33:53 : INFO] - Cache for URL: http://localhost/zeliigcaretheme/specialties/life-transitions/ has been purged, triggered by action: save_post 
[2026-02-04 11:33:53 : INFO] - Cache for archive page associated with post_type: specialty and Title: "Life Transitions" has been purged, triggered by action: save_post 
[2026-02-04 11:33:54 : INFO] - Cache for URL: http://localhost/zeliigcaretheme/specialties/life-transitions/ has been purged, triggered by action: save_post 
[2026-02-04 11:33:54 : INFO] - Cache for archive page associated with post_type: specialty and Title: "Life Transitions" has been purged, triggered by action: save_post 
[2026-02-04 11:35:36 : INFO] - Cache for URL: http://localhost/zeliigcaretheme/specialties/bipolar-depression/ has been purged, triggered by action: save_post 
[2026-02-04 11:35:36 : INFO] - Cache for archive page associated with post_type: specialty and Title: "Bipolar Depression" has been purged, triggered by action: save_post 
[2026-02-04 11:35:37 : INFO] - Cache for URL: http://localhost/zeliigcaretheme/specialties/bipolar-depression/ has been purged, triggered by action: save_post 
[2026-02-04 11:35:37 : INFO] - Cache for archive page associated with post_type: specialty and Title: "Bipolar Depression" has been purged, triggered by action: save_post 
[2026-02-04 11:37:09 : INFO] - Cache for URL: http://localhost/zeliigcaretheme/specialties/trauma-ptsd/ has been purged, triggered by action: save_post 
[2026-02-04 11:37:09 : INFO] - Cache for archive page associated with post_type: specialty and Title: "Trauma &amp; PTSD" has been purged, triggered by action: save_post 
[2026-02-04 11:37:10 : INFO] - Cache for URL: http://localhost/zeliigcaretheme/specialties/trauma-ptsd/ has been purged, triggered by action: save_post 
[2026-02-04 11:37:10 : INFO] - Cache for archive page associated with post_type: specialty and Title: "Trauma &amp; PTSD" has been purged, triggered by action: save_post 
[2026-02-04 11:39:31 : INFO] - Cache for URL: http://localhost/zeliigcaretheme/specialties/autism-neurodivergence/ has been purged, triggered by action: save_post 
[2026-02-04 11:39:31 : INFO] - Cache for archive page associated with post_type: specialty and Title: "Autism &amp; Neurodivergence" has been purged, triggered by action: save_post 
[2026-02-04 11:39:32 : INFO] - Cache for URL: http://localhost/zeliigcaretheme/specialties/autism-neurodivergence/ has been purged, triggered by action: save_post 
[2026-02-04 11:39:32 : INFO] - Cache for archive page associated with post_type: specialty and Title: "Autism &amp; Neurodivergence" has been purged, triggered by action: save_post 
[2026-02-04 11:41:13 : INFO] - Cache for URL: http://localhost/zeliigcaretheme/team/kaye-capin/ has been purged, triggered by action: save_post 
[2026-02-04 11:41:13 : INFO] - Cache for archive page associated with post_type: team_member and Title: "Kaye Capin" has been purged, triggered by action: save_post 
[2026-02-04 11:41:14 : INFO] - Cache for URL: http://localhost/zeliigcaretheme/team/kaye-capin/ has been purged, triggered by action: save_post 
[2026-02-04 11:41:14 : INFO] - Cache for archive page associated with post_type: team_member and Title: "Kaye Capin" has been purged, triggered by action: save_post 
[2026-02-04 12:17:59 : INFO] - Cache for URL: http://localhost/zeliigcaretheme/contact-us/ has been purged, triggered by action: save_post 
[2026-02-04 12:17:59 : INFO] - Cache for author page URL: http://localhost/zeliigcaretheme/author/admin/ associated with post_type: page and Title: "Contact Us" has been purged, triggered by action: save_post 
[2026-02-04 12:17:59 : INFO] - Cache for URL: http://localhost/zeliigcaretheme/contact-us/ has been purged, triggered by action: save_post 
[2026-02-04 12:17:59 : INFO] - Cache for author page URL: http://localhost/zeliigcaretheme/author/admin/ associated with post_type: page and Title: "Contact Us" has been purged, triggered by action: save_post 
[2026-02-04 12:17:59 : INFO] - Cache for URL: http://localhost/zeliigcaretheme/contact-us/ has been purged, triggered by action: save_post 
[2026-02-04 12:17:59 : INFO] - Cache for author page URL: http://localhost/zeliigcaretheme/author/admin/ associated with post_type: page and Title: "Contact Us" has been purged, triggered by action: save_post 
[2026-02-04 12:18:34 : INFO] - Cache for URL: http://localhost/zeliigcaretheme/contact-us/ has been purged, triggered by action: save_post 
[2026-02-04 12:18:34 : INFO] - Cache for author page URL: http://localhost/zeliigcaretheme/author/admin/ associated with post_type: page and Title: "Contact Us" has been purged, triggered by action: save_post 
[2026-02-04 12:18:34 : INFO] - Cache for URL: http://localhost/zeliigcaretheme/contact-us/ has been purged, triggered by action: save_post 
[2026-02-04 12:18:34 : INFO] - Cache for author page URL: http://localhost/zeliigcaretheme/author/admin/ associated with post_type: page and Title: "Contact Us" has been purged, triggered by action: save_post 
[2026-02-04 12:18:34 : INFO] - Cache for URL: http://localhost/zeliigcaretheme/contact-us/ has been purged, triggered by action: save_post 
[2026-02-04 12:18:34 : INFO] - Cache for author page URL: http://localhost/zeliigcaretheme/author/admin/ associated with post_type: page and Title: "Contact Us" has been purged, triggered by action: save_post 
[2026-02-04 12:30:35 : INFO] - Cache for URL: http://localhost/zeliigcaretheme/payment-options/ has been purged, triggered by action: save_post 
[2026-02-04 12:30:35 : INFO] - Cache for author page URL: http://localhost/zeliigcaretheme/author/admin/ associated with post_type: page and Title: "Payment Options" has been purged, triggered by action: save_post 
[2026-02-04 12:30:35 : INFO] - Cache for URL: http://localhost/zeliigcaretheme/payment-options/ has been purged, triggered by action: save_post 
[2026-02-04 12:30:35 : INFO] - Cache for author page URL: http://localhost/zeliigcaretheme/author/admin/ associated with post_type: page and Title: "Payment Options" has been purged, triggered by action: save_post 
[2026-02-04 12:30:35 : INFO] - Cache for URL: http://localhost/zeliigcaretheme/payment-options/ has been purged, triggered by action: save_post 
[2026-02-04 12:30:35 : INFO] - Cache for author page URL: http://localhost/zeliigcaretheme/author/admin/ associated with post_type: page and Title: "Payment Options" has been purged, triggered by action: save_post 
[2026-02-04 12:30:51 : INFO] - Cache for URL: http://localhost/zeliigcaretheme/payment-options/ has been purged, triggered by action: save_post 
[2026-02-04 12:30:51 : INFO] - Cache for author page URL: http://localhost/zeliigcaretheme/author/admin/ associated with post_type: page and Title: "Payment Options" has been purged, triggered by action: save_post 
[2026-02-04 12:30:51 : INFO] - Cache for URL: http://localhost/zeliigcaretheme/payment-options/ has been purged, triggered by action: save_post 
[2026-02-04 12:30:51 : INFO] - Cache for author page URL: http://localhost/zeliigcaretheme/author/admin/ associated with post_type: page and Title: "Payment Options" has been purged, triggered by action: save_post 
[2026-02-04 12:30:51 : INFO] - Cache for URL: http://localhost/zeliigcaretheme/payment-options/ has been purged, triggered by action: save_post 
[2026-02-04 12:30:51 : INFO] - Cache for author page URL: http://localhost/zeliigcaretheme/author/admin/ associated with post_type: page and Title: "Payment Options" has been purged, triggered by action: save_post 
[2026-02-04 12:31:34 : INFO] - Cache for URL: http://localhost/zeliigcaretheme/payment-options/ has been purged, triggered by action: save_post 
[2026-02-04 12:31:34 : INFO] - Cache for author page URL: http://localhost/zeliigcaretheme/author/admin/ associated with post_type: page and Title: "Payment Options" has been purged, triggered by action: save_post 
[2026-02-04 12:31:34 : INFO] - Cache for URL: http://localhost/zeliigcaretheme/payment-options/ has been purged, triggered by action: save_post 
[2026-02-04 12:31:34 : INFO] - Cache for author page URL: http://localhost/zeliigcaretheme/author/admin/ associated with post_type: page and Title: "Payment Options" has been purged, triggered by action: save_post 
[2026-02-04 12:31:35 : INFO] - Cache for URL: http://localhost/zeliigcaretheme/payment-options/ has been purged, triggered by action: save_post 
[2026-02-04 12:31:35 : INFO] - Cache for author page URL: http://localhost/zeliigcaretheme/author/admin/ associated with post_type: page and Title: "Payment Options" has been purged, triggered by action: save_post 
[2026-02-04 12:45:55 : INFO] - Cache for URL: http://localhost/zeliigcaretheme/reviews/ has been purged, triggered by action: save_post 
[2026-02-04 12:45:55 : INFO] - Cache for author page URL: http://localhost/zeliigcaretheme/author/admin/ associated with post_type: page and Title: "Reviews" has been purged, triggered by action: save_post 
[2026-02-04 12:45:55 : INFO] - Cache for URL: http://localhost/zeliigcaretheme/reviews/ has been purged, triggered by action: save_post 
[2026-02-04 12:45:55 : INFO] - Cache for author page URL: http://localhost/zeliigcaretheme/author/admin/ associated with post_type: page and Title: "Reviews" has been purged, triggered by action: save_post 
[2026-02-04 12:45:55 : INFO] - Cache for URL: http://localhost/zeliigcaretheme/reviews/ has been purged, triggered by action: save_post 
[2026-02-04 12:45:55 : INFO] - Cache for author page URL: http://localhost/zeliigcaretheme/author/admin/ associated with post_type: page and Title: "Reviews" has been purged, triggered by action: save_post 
[2026-02-04 12:46:37 : INFO] - Cache for URL: http://localhost/zeliigcaretheme/reviews/ has been purged, triggered by action: save_post 
[2026-02-04 12:46:37 : INFO] - Cache for author page URL: http://localhost/zeliigcaretheme/author/admin/ associated with post_type: page and Title: "Reviews" has been purged, triggered by action: save_post 
[2026-02-04 12:46:37 : INFO] - Cache for URL: http://localhost/zeliigcaretheme/reviews/ has been purged, triggered by action: save_post 
[2026-02-04 12:46:37 : INFO] - Cache for author page URL: http://localhost/zeliigcaretheme/author/admin/ associated with post_type: page and Title: "Reviews" has been purged, triggered by action: save_post 
[2026-02-04 12:46:37 : INFO] - Cache for URL: http://localhost/zeliigcaretheme/reviews/ has been purged, triggered by action: save_post 
[2026-02-04 12:46:37 : INFO] - Cache for author page URL: http://localhost/zeliigcaretheme/author/admin/ associated with post_type: page and Title: "Reviews" has been purged, triggered by action: save_post 
[2026-02-04 12:47:52 : INFO] - Cache for URL: http://localhost/zeliigcaretheme/reviews/ has been purged, triggered by action: save_post 
[2026-02-04 12:47:52 : INFO] - Cache for author page URL: http://localhost/zeliigcaretheme/author/admin/ associated with post_type: page and Title: "Reviews" has been purged, triggered by action: save_post 
[2026-02-04 12:47:52 : INFO] - Cache for URL: http://localhost/zeliigcaretheme/reviews/ has been purged, triggered by action: save_post 
[2026-02-04 12:47:52 : INFO] - Cache for author page URL: http://localhost/zeliigcaretheme/author/admin/ associated with post_type: page and Title: "Reviews" has been purged, triggered by action: save_post 
[2026-02-04 12:47:52 : INFO] - Cache for URL: http://localhost/zeliigcaretheme/reviews/ has been purged, triggered by action: save_post 
[2026-02-04 12:47:52 : INFO] - Cache for author page URL: http://localhost/zeliigcaretheme/author/admin/ associated with post_type: page and Title: "Reviews" has been purged, triggered by action: save_post 
[2026-02-04 13:04:34 : INFO] - Full Cache Purge triggered by: plugin activation/deactivation 
[2026-02-04 13:04:45 : INFO] - Full Cache Purge triggered by: plugin activation/deactivation 
[2026-02-04 13:24:26 : INFO] - Cache for URL: http://localhost/zeliigcaretheme/anxiety/ has been purged, triggered by action: save_post 
[2026-02-04 13:24:26 : INFO] - Cache for author page URL: http://localhost/zeliigcaretheme/author/admin/ associated with post_type: page and Title: "Anxiety" has been purged, triggered by action: save_post 
[2026-02-04 13:24:26 : INFO] - Cache for URL: http://localhost/zeliigcaretheme/anxiety/ has been purged, triggered by action: save_post 
[2026-02-04 13:24:26 : INFO] - Cache for author page URL: http://localhost/zeliigcaretheme/author/admin/ associated with post_type: page and Title: "Anxiety" has been purged, triggered by action: save_post 
[2026-02-04 13:24:26 : INFO] - Cache for URL: http://localhost/zeliigcaretheme/anxiety/ has been purged, triggered by action: save_post 
[2026-02-04 13:24:26 : INFO] - Cache for author page URL: http://localhost/zeliigcaretheme/author/admin/ associated with post_type: page and Title: "Anxiety" has been purged, triggered by action: save_post 
[2026-02-04 13:26:44 : INFO] - Cache for URL: http://localhost/zeliigcaretheme/anxiety/ has been purged, triggered by action: save_post 
[2026-02-04 13:26:44 : INFO] - Cache for author page URL: http://localhost/zeliigcaretheme/author/admin/ associated with post_type: page and Title: "Anxiety" has been purged, triggered by action: save_post 
[2026-02-04 13:26:44 : INFO] - Cache for URL: http://localhost/zeliigcaretheme/anxiety/ has been purged, triggered by action: save_post 
[2026-02-04 13:26:44 : INFO] - Cache for author page URL: http://localhost/zeliigcaretheme/author/admin/ associated with post_type: page and Title: "Anxiety" has been purged, triggered by action: save_post 
[2026-02-04 13:26:45 : INFO] - Cache for URL: http://localhost/zeliigcaretheme/anxiety/ has been purged, triggered by action: save_post 
[2026-02-04 13:26:45 : INFO] - Cache for author page URL: http://localhost/zeliigcaretheme/author/admin/ associated with post_type: page and Title: "Anxiety" has been purged, triggered by action: save_post 
[2026-02-04 13:28:39 : INFO] - Cache for URL: http://localhost/zeliigcaretheme/anxiety/ has been purged, triggered by action: save_post 
[2026-02-04 13:28:39 : INFO] - Cache for author page URL: http://localhost/zeliigcaretheme/author/admin/ associated with post_type: page and Title: "Anxiety" has been purged, triggered by action: save_post 
[2026-02-04 13:28:39 : INFO] - Cache for URL: http://localhost/zeliigcaretheme/anxiety/ has been purged, triggered by action: save_post 
[2026-02-04 13:28:39 : INFO] - Cache for author page URL: http://localhost/zeliigcaretheme/author/admin/ associated with post_type: page and Title: "Anxiety" has been purged, triggered by action: save_post 
[2026-02-04 13:28:40 : INFO] - Cache for URL: http://localhost/zeliigcaretheme/anxiety/ has been purged, triggered by action: save_post 
[2026-02-04 13:28:40 : INFO] - Cache for author page URL: http://localhost/zeliigcaretheme/author/admin/ associated with post_type: page and Title: "Anxiety" has been purged, triggered by action: save_post 
[2026-02-04 13:30:52 : INFO] - Cache for URL: http://localhost/zeliigcaretheme/anxiety/ has been purged, triggered by action: save_post 
[2026-02-04 13:30:52 : INFO] - Cache for author page URL: http://localhost/zeliigcaretheme/author/admin/ associated with post_type: page and Title: "Anxiety" has been purged, triggered by action: save_post 
[2026-02-04 13:30:52 : INFO] - Cache for URL: http://localhost/zeliigcaretheme/anxiety/ has been purged, triggered by action: save_post 
[2026-02-04 13:30:52 : INFO] - Cache for author page URL: http://localhost/zeliigcaretheme/author/admin/ associated with post_type: page and Title: "Anxiety" has been purged, triggered by action: save_post 
[2026-02-04 13:30:52 : INFO] - Cache for URL: http://localhost/zeliigcaretheme/anxiety/ has been purged, triggered by action: save_post 
[2026-02-04 13:30:52 : INFO] - Cache for author page URL: http://localhost/zeliigcaretheme/author/admin/ associated with post_type: page and Title: "Anxiety" has been purged, triggered by action: save_post 
[2026-02-04 13:37:28 : INFO] - Cache for URL: http://localhost/zeliigcaretheme/anxiety/ has been purged, triggered by action: save_post 
[2026-02-04 13:37:28 : INFO] - Cache for author page URL: http://localhost/zeliigcaretheme/author/admin/ associated with post_type: page and Title: "Anxiety" has been purged, triggered by action: save_post 
[2026-02-04 13:37:28 : INFO] - Cache for URL: http://localhost/zeliigcaretheme/anxiety/ has been purged, triggered by action: save_post 
[2026-02-04 13:37:28 : INFO] - Cache for author page URL: http://localhost/zeliigcaretheme/author/admin/ associated with post_type: page and Title: "Anxiety" has been purged, triggered by action: save_post 
[2026-02-04 13:37:28 : INFO] - Cache for URL: http://localhost/zeliigcaretheme/anxiety/ has been purged, triggered by action: save_post 
[2026-02-04 13:37:28 : INFO] - Cache for author page URL: http://localhost/zeliigcaretheme/author/admin/ associated with post_type: page and Title: "Anxiety" has been purged, triggered by action: save_post 
[2026-02-04 13:40:18 : INFO] - Cache for URL: http://localhost/zeliigcaretheme/anxiety/ has been purged, triggered by action: save_post 
[2026-02-04 13:40:18 : INFO] - Cache for author page URL: http://localhost/zeliigcaretheme/author/admin/ associated with post_type: page and Title: "Anxiety" has been purged, triggered by action: save_post 
[2026-02-04 13:40:18 : INFO] - Cache for URL: http://localhost/zeliigcaretheme/anxiety/ has been purged, triggered by action: save_post 
[2026-02-04 13:40:18 : INFO] - Cache for author page URL: http://localhost/zeliigcaretheme/author/admin/ associated with post_type: page and Title: "Anxiety" has been purged, triggered by action: save_post 
[2026-02-04 13:40:18 : INFO] - Cache for URL: http://localhost/zeliigcaretheme/anxiety/ has been purged, triggered by action: save_post 
[2026-02-04 13:40:18 : INFO] - Cache for author page URL: http://localhost/zeliigcaretheme/author/admin/ associated with post_type: page and Title: "Anxiety" has been purged, triggered by action: save_post 
[2026-02-04 13:40:46 : INFO] - Cache for URL: http://localhost/zeliigcaretheme/anxiety/ has been purged, triggered by action: save_post 
[2026-02-04 13:40:46 : INFO] - Cache for author page URL: http://localhost/zeliigcaretheme/author/admin/ associated with post_type: page and Title: "Anxiety" has been purged, triggered by action: save_post 
[2026-02-04 13:40:46 : INFO] - Cache for URL: http://localhost/zeliigcaretheme/anxiety/ has been purged, triggered by action: save_post 
[2026-02-04 13:40:46 : INFO] - Cache for author page URL: http://localhost/zeliigcaretheme/author/admin/ associated with post_type: page and Title: "Anxiety" has been purged, triggered by action: save_post 
[2026-02-04 13:40:46 : INFO] - Cache for URL: http://localhost/zeliigcaretheme/anxiety/ has been purged, triggered by action: save_post 
[2026-02-04 13:40:46 : INFO] - Cache for author page URL: http://localhost/zeliigcaretheme/author/admin/ associated with post_type: page and Title: "Anxiety" has been purged, triggered by action: save_post 
[2026-02-04 13:41:29 : INFO] - Cache for URL: http://localhost/zeliigcaretheme/anxiety/ has been purged, triggered by action: save_post 
[2026-02-04 13:41:29 : INFO] - Cache for author page URL: http://localhost/zeliigcaretheme/author/admin/ associated with post_type: page and Title: "Anxiety" has been purged, triggered by action: save_post 
[2026-02-04 13:41:29 : INFO] - Cache for URL: http://localhost/zeliigcaretheme/anxiety/ has been purged, triggered by action: save_post 
[2026-02-04 13:41:29 : INFO] - Cache for author page URL: http://localhost/zeliigcaretheme/author/admin/ associated with post_type: page and Title: "Anxiety" has been purged, triggered by action: save_post 
[2026-02-04 13:41:29 : INFO] - Cache for URL: http://localhost/zeliigcaretheme/anxiety/ has been purged, triggered by action: save_post 
[2026-02-04 13:41:29 : INFO] - Cache for author page URL: http://localhost/zeliigcaretheme/author/admin/ associated with post_type: page and Title: "Anxiety" has been purged, triggered by action: save_post 
[2026-02-04 13:41:44 : INFO] - Cache for URL: http://localhost/zeliigcaretheme/anxiety/ has been purged, triggered by action: save_post 
[2026-02-04 13:41:44 : INFO] - Cache for author page URL: http://localhost/zeliigcaretheme/author/admin/ associated with post_type: page and Title: "Anxiety" has been purged, triggered by action: save_post 
[2026-02-04 13:41:45 : INFO] - Cache for URL: http://localhost/zeliigcaretheme/anxiety/ has been purged, triggered by action: save_post 
[2026-02-04 13:41:45 : INFO] - Cache for author page URL: http://localhost/zeliigcaretheme/author/admin/ associated with post_type: page and Title: "Anxiety" has been purged, triggered by action: save_post 
[2026-02-04 13:41:45 : INFO] - Cache for URL: http://localhost/zeliigcaretheme/anxiety/ has been purged, triggered by action: save_post 
[2026-02-04 13:41:45 : INFO] - Cache for author page URL: http://localhost/zeliigcaretheme/author/admin/ associated with post_type: page and Title: "Anxiety" has been purged, triggered by action: save_post 
[2026-02-04 13:42:11 : INFO] - Cache for URL: http://localhost/zeliigcaretheme/anxiety/ has been purged, triggered by action: save_post 
[2026-02-04 13:42:11 : INFO] - Cache for author page URL: http://localhost/zeliigcaretheme/author/admin/ associated with post_type: page and Title: "Anxiety" has been purged, triggered by action: save_post 
[2026-02-04 13:42:11 : INFO] - Cache for URL: http://localhost/zeliigcaretheme/anxiety/ has been purged, triggered by action: save_post 
[2026-02-04 13:42:11 : INFO] - Cache for author page URL: http://localhost/zeliigcaretheme/author/admin/ associated with post_type: page and Title: "Anxiety" has been purged, triggered by action: save_post 
[2026-02-04 13:42:11 : INFO] - Cache for URL: http://localhost/zeliigcaretheme/anxiety/ has been purged, triggered by action: save_post 
[2026-02-04 13:42:11 : INFO] - Cache for author page URL: http://localhost/zeliigcaretheme/author/admin/ associated with post_type: page and Title: "Anxiety" has been purged, triggered by action: save_post 
[2026-02-04 13:43:06 : INFO] - Cache for URL: http://localhost/zeliigcaretheme/anxiety/ has been purged, triggered by action: save_post 
[2026-02-04 13:43:06 : INFO] - Cache for author page URL: http://localhost/zeliigcaretheme/author/admin/ associated with post_type: page and Title: "Anxiety" has been purged, triggered by action: save_post 
[2026-02-04 13:43:06 : INFO] - Cache for URL: http://localhost/zeliigcaretheme/anxiety/ has been purged, triggered by action: save_post 
[2026-02-04 13:43:06 : INFO] - Cache for author page URL: http://localhost/zeliigcaretheme/author/admin/ associated with post_type: page and Title: "Anxiety" has been purged, triggered by action: save_post 
[2026-02-04 13:43:06 : INFO] - Cache for URL: http://localhost/zeliigcaretheme/anxiety/ has been purged, triggered by action: save_post 
[2026-02-04 13:43:06 : INFO] - Cache for author page URL: http://localhost/zeliigcaretheme/author/admin/ associated with post_type: page and Title: "Anxiety" has been purged, triggered by action: save_post 
[2026-02-04 13:43:16 : INFO] - Cache for URL: http://localhost/zeliigcaretheme/anxiety/ has been purged, triggered by action: save_post 
[2026-02-04 13:43:16 : INFO] - Cache for author page URL: http://localhost/zeliigcaretheme/author/admin/ associated with post_type: page and Title: "Anxiety" has been purged, triggered by action: save_post 
[2026-02-04 13:43:16 : INFO] - Cache for URL: http://localhost/zeliigcaretheme/anxiety/ has been purged, triggered by action: save_post 
[2026-02-04 13:43:16 : INFO] - Cache for author page URL: http://localhost/zeliigcaretheme/author/admin/ associated with post_type: page and Title: "Anxiety" has been purged, triggered by action: save_post 
[2026-02-04 13:43:16 : INFO] - Cache for URL: http://localhost/zeliigcaretheme/anxiety/ has been purged, triggered by action: save_post 
[2026-02-04 13:43:16 : INFO] - Cache for author page URL: http://localhost/zeliigcaretheme/author/admin/ associated with post_type: page and Title: "Anxiety" has been purged, triggered by action: save_post 
[2026-02-04 13:43:59 : INFO] - Cache for URL: http://localhost/zeliigcaretheme/anxiety/ has been purged, triggered by action: save_post 
[2026-02-04 13:43:59 : INFO] - Cache for author page URL: http://localhost/zeliigcaretheme/author/admin/ associated with post_type: page and Title: "Anxiety" has been purged, triggered by action: save_post 
[2026-02-04 13:43:59 : INFO] - Cache for URL: http://localhost/zeliigcaretheme/anxiety/ has been purged, triggered by action: save_post 
[2026-02-04 13:43:59 : INFO] - Cache for author page URL: http://localhost/zeliigcaretheme/author/admin/ associated with post_type: page and Title: "Anxiety" has been purged, triggered by action: save_post 
[2026-02-04 13:43:59 : INFO] - Cache for URL: http://localhost/zeliigcaretheme/anxiety/ has been purged, triggered by action: save_post 
[2026-02-04 13:43:59 : INFO] - Cache for author page URL: http://localhost/zeliigcaretheme/author/admin/ associated with post_type: page and Title: "Anxiety" has been purged, triggered by action: save_post 
[2026-02-04 13:45:16 : INFO] - Cache for URL: http://localhost/zeliigcaretheme/anxiety/ has been purged, triggered by action: save_post 
[2026-02-04 13:45:16 : INFO] - Cache for author page URL: http://localhost/zeliigcaretheme/author/admin/ associated with post_type: page and Title: "Anxiety" has been purged, triggered by action: save_post 
[2026-02-04 13:45:16 : INFO] - Cache for URL: http://localhost/zeliigcaretheme/anxiety/ has been purged, triggered by action: save_post 
[2026-02-04 13:45:16 : INFO] - Cache for author page URL: http://localhost/zeliigcaretheme/author/admin/ associated with post_type: page and Title: "Anxiety" has been purged, triggered by action: save_post 
[2026-02-04 13:45:16 : INFO] - Cache for URL: http://localhost/zeliigcaretheme/anxiety/ has been purged, triggered by action: save_post 
[2026-02-04 13:45:16 : INFO] - Cache for author page URL: http://localhost/zeliigcaretheme/author/admin/ associated with post_type: page and Title: "Anxiety" has been purged, triggered by action: save_post 
[2026-02-04 13:47:29 : INFO] - Cache for URL: http://localhost/zeliigcaretheme/anxiety/ has been purged, triggered by action: save_post 
[2026-02-04 13:47:29 : INFO] - Cache for author page URL: http://localhost/zeliigcaretheme/author/admin/ associated with post_type: page and Title: "Anxiety" has been purged, triggered by action: save_post 
[2026-02-04 13:47:29 : INFO] - Cache for URL: http://localhost/zeliigcaretheme/anxiety/ has been purged, triggered by action: save_post 
[2026-02-04 13:47:29 : INFO] - Cache for author page URL: http://localhost/zeliigcaretheme/author/admin/ associated with post_type: page and Title: "Anxiety" has been purged, triggered by action: save_post 
[2026-02-04 13:47:30 : INFO] - Cache for URL: http://localhost/zeliigcaretheme/anxiety/ has been purged, triggered by action: save_post 
[2026-02-04 13:47:30 : INFO] - Cache for author page URL: http://localhost/zeliigcaretheme/author/admin/ associated with post_type: page and Title: "Anxiety" has been purged, triggered by action: save_post 
[2026-02-04 13:50:00 : INFO] - Cache for URL: http://localhost/zeliigcaretheme/anxiety/ has been purged, triggered by action: save_post 
[2026-02-04 13:50:00 : INFO] - Cache for author page URL: http://localhost/zeliigcaretheme/author/admin/ associated with post_type: page and Title: "Anxiety" has been purged, triggered by action: save_post 
[2026-02-04 13:50:00 : INFO] - Cache for URL: http://localhost/zeliigcaretheme/anxiety/ has been purged, triggered by action: save_post 
[2026-02-04 13:50:00 : INFO] - Cache for author page URL: http://localhost/zeliigcaretheme/author/admin/ associated with post_type: page and Title: "Anxiety" has been purged, triggered by action: save_post 
[2026-02-04 13:50:00 : INFO] - Cache for URL: http://localhost/zeliigcaretheme/anxiety/ has been purged, triggered by action: save_post 
[2026-02-04 13:50:00 : INFO] - Cache for author page URL: http://localhost/zeliigcaretheme/author/admin/ associated with post_type: page and Title: "Anxiety" has been purged, triggered by action: save_post 
[2026-02-04 13:50:35 : INFO] - Cache for URL: http://localhost/zeliigcaretheme/anxiety/ has been purged, triggered by action: save_post 
[2026-02-04 13:50:35 : INFO] - Cache for author page URL: http://localhost/zeliigcaretheme/author/admin/ associated with post_type: page and Title: "Anxiety" has been purged, triggered by action: save_post 
[2026-02-04 13:50:35 : INFO] - Cache for URL: http://localhost/zeliigcaretheme/anxiety/ has been purged, triggered by action: save_post 
[2026-02-04 13:50:35 : INFO] - Cache for author page URL: http://localhost/zeliigcaretheme/author/admin/ associated with post_type: page and Title: "Anxiety" has been purged, triggered by action: save_post 
[2026-02-04 13:50:36 : INFO] - Cache for URL: http://localhost/zeliigcaretheme/anxiety/ has been purged, triggered by action: save_post 
[2026-02-04 13:50:36 : INFO] - Cache for author page URL: http://localhost/zeliigcaretheme/author/admin/ associated with post_type: page and Title: "Anxiety" has been purged, triggered by action: save_post 
[2026-02-04 13:52:12 : INFO] - Cache for URL: http://localhost/zeliigcaretheme/anxiety/ has been purged, triggered by action: save_post 
[2026-02-04 13:52:12 : INFO] - Cache for author page URL: http://localhost/zeliigcaretheme/author/admin/ associated with post_type: page and Title: "Anxiety" has been purged, triggered by action: save_post 
[2026-02-04 13:52:12 : INFO] - Cache for URL: http://localhost/zeliigcaretheme/anxiety/ has been purged, triggered by action: save_post 
[2026-02-04 13:52:12 : INFO] - Cache for author page URL: http://localhost/zeliigcaretheme/author/admin/ associated with post_type: page and Title: "Anxiety" has been purged, triggered by action: save_post 
[2026-02-04 13:52:12 : INFO] - Cache for URL: http://localhost/zeliigcaretheme/anxiety/ has been purged, triggered by action: save_post 
[2026-02-04 13:52:12 : INFO] - Cache for author page URL: http://localhost/zeliigcaretheme/author/admin/ associated with post_type: page and Title: "Anxiety" has been purged, triggered by action: save_post 
[2026-02-04 13:52:49 : INFO] - Cache for URL: http://localhost/zeliigcaretheme/anxiety/ has been purged, triggered by action: save_post 
[2026-02-04 13:52:49 : INFO] - Cache for author page URL: http://localhost/zeliigcaretheme/author/admin/ associated with post_type: page and Title: "Anxiety" has been purged, triggered by action: save_post 
[2026-02-04 13:52:49 : INFO] - Cache for URL: http://localhost/zeliigcaretheme/anxiety/ has been purged, triggered by action: save_post 
[2026-02-04 13:52:49 : INFO] - Cache for author page URL: http://localhost/zeliigcaretheme/author/admin/ associated with post_type: page and Title: "Anxiety" has been purged, triggered by action: save_post 
[2026-02-04 13:52:49 : INFO] - Cache for URL: http://localhost/zeliigcaretheme/anxiety/ has been purged, triggered by action: save_post 
[2026-02-04 13:52:49 : INFO] - Cache for author page URL: http://localhost/zeliigcaretheme/author/admin/ associated with post_type: page and Title: "Anxiety" has been purged, triggered by action: save_post 
[2026-02-04 13:53:18 : INFO] - Cache for URL: http://localhost/zeliigcaretheme/anxiety/ has been purged, triggered by action: save_post 
[2026-02-04 13:53:18 : INFO] - Cache for author page URL: http://localhost/zeliigcaretheme/author/admin/ associated with post_type: page and Title: "Anxiety" has been purged, triggered by action: save_post 
[2026-02-04 13:53:18 : INFO] - Cache for URL: http://localhost/zeliigcaretheme/anxiety/ has been purged, triggered by action: save_post 
[2026-02-04 13:53:18 : INFO] - Cache for author page URL: http://localhost/zeliigcaretheme/author/admin/ associated with post_type: page and Title: "Anxiety" has been purged, triggered by action: save_post 
[2026-02-04 13:53:18 : INFO] - Cache for URL: http://localhost/zeliigcaretheme/anxiety/ has been purged, triggered by action: save_post 
[2026-02-04 13:53:18 : INFO] - Cache for author page URL: http://localhost/zeliigcaretheme/author/admin/ associated with post_type: page and Title: "Anxiety" has been purged, triggered by action: save_post 
[2026-02-04 13:53:42 : INFO] - Cache for URL: http://localhost/zeliigcaretheme/anxiety/ has been purged, triggered by action: save_post 
[2026-02-04 13:53:42 : INFO] - Cache for author page URL: http://localhost/zeliigcaretheme/author/admin/ associated with post_type: page and Title: "Anxiety" has been purged, triggered by action: save_post 
[2026-02-04 13:53:42 : INFO] - Cache for URL: http://localhost/zeliigcaretheme/anxiety/ has been purged, triggered by action: save_post 
[2026-02-04 13:53:42 : INFO] - Cache for author page URL: http://localhost/zeliigcaretheme/author/admin/ associated with post_type: page and Title: "Anxiety" has been purged, triggered by action: save_post 
[2026-02-04 13:53:42 : INFO] - Cache for URL: http://localhost/zeliigcaretheme/anxiety/ has been purged, triggered by action: save_post 
[2026-02-04 13:53:42 : INFO] - Cache for author page URL: http://localhost/zeliigcaretheme/author/admin/ associated with post_type: page and Title: "Anxiety" has been purged, triggered by action: save_post 
[2026-02-04 13:55:39 : INFO] - Cache for URL: http://localhost/zeliigcaretheme/anxiety/ has been purged, triggered by action: save_post 
[2026-02-04 13:55:39 : INFO] - Cache for author page URL: http://localhost/zeliigcaretheme/author/admin/ associated with post_type: page and Title: "Anxiety" has been purged, triggered by action: save_post 
[2026-02-04 13:55:39 : INFO] - Cache for URL: http://localhost/zeliigcaretheme/anxiety/ has been purged, triggered by action: save_post 
[2026-02-04 13:55:39 : INFO] - Cache for author page URL: http://localhost/zeliigcaretheme/author/admin/ associated with post_type: page and Title: "Anxiety" has been purged, triggered by action: save_post 
[2026-02-04 13:55:40 : INFO] - Cache for URL: http://localhost/zeliigcaretheme/anxiety/ has been purged, triggered by action: save_post 
[2026-02-04 13:55:40 : INFO] - Cache for author page URL: http://localhost/zeliigcaretheme/author/admin/ associated with post_type: page and Title: "Anxiety" has been purged, triggered by action: save_post 
[2026-02-04 13:56:02 : INFO] - Cache for URL: http://localhost/zeliigcaretheme/anxiety/ has been purged, triggered by action: save_post 
[2026-02-04 13:56:02 : INFO] - Cache for author page URL: http://localhost/zeliigcaretheme/author/admin/ associated with post_type: page and Title: "Anxiety" has been purged, triggered by action: save_post 
[2026-02-04 13:56:02 : INFO] - Cache for URL: http://localhost/zeliigcaretheme/anxiety/ has been purged, triggered by action: save_post 
[2026-02-04 13:56:02 : INFO] - Cache for author page URL: http://localhost/zeliigcaretheme/author/admin/ associated with post_type: page and Title: "Anxiety" has been purged, triggered by action: save_post 
[2026-02-04 13:56:03 : INFO] - Cache for URL: http://localhost/zeliigcaretheme/anxiety/ has been purged, triggered by action: save_post 
[2026-02-04 13:56:03 : INFO] - Cache for author page URL: http://localhost/zeliigcaretheme/author/admin/ associated with post_type: page and Title: "Anxiety" has been purged, triggered by action: save_post 
[2026-02-04 13:56:14 : INFO] - Cache for URL: http://localhost/zeliigcaretheme/anxiety/ has been purged, triggered by action: save_post 
[2026-02-04 13:56:14 : INFO] - Cache for author page URL: http://localhost/zeliigcaretheme/author/admin/ associated with post_type: page and Title: "Anxiety" has been purged, triggered by action: save_post 
[2026-02-04 13:56:14 : INFO] - Cache for URL: http://localhost/zeliigcaretheme/anxiety/ has been purged, triggered by action: save_post 
[2026-02-04 13:56:14 : INFO] - Cache for author page URL: http://localhost/zeliigcaretheme/author/admin/ associated with post_type: page and Title: "Anxiety" has been purged, triggered by action: save_post 
[2026-02-04 13:56:15 : INFO] - Cache for URL: http://localhost/zeliigcaretheme/anxiety/ has been purged, triggered by action: save_post 
[2026-02-04 13:56:15 : INFO] - Cache for author page URL: http://localhost/zeliigcaretheme/author/admin/ associated with post_type: page and Title: "Anxiety" has been purged, triggered by action: save_post 
[2026-02-04 13:56:37 : INFO] - Cache for URL: http://localhost/zeliigcaretheme/anxiety/ has been purged, triggered by action: save_post 
[2026-02-04 13:56:37 : INFO] - Cache for author page URL: http://localhost/zeliigcaretheme/author/admin/ associated with post_type: page and Title: "Anxiety" has been purged, triggered by action: save_post 
[2026-02-04 13:56:37 : INFO] - Cache for URL: http://localhost/zeliigcaretheme/anxiety/ has been purged, triggered by action: save_post 
[2026-02-04 13:56:37 : INFO] - Cache for author page URL: http://localhost/zeliigcaretheme/author/admin/ associated with post_type: page and Title: "Anxiety" has been purged, triggered by action: save_post 
[2026-02-04 13:56:37 : INFO] - Cache for URL: http://localhost/zeliigcaretheme/anxiety/ has been purged, triggered by action: save_post 
[2026-02-04 13:56:37 : INFO] - Cache for author page URL: http://localhost/zeliigcaretheme/author/admin/ associated with post_type: page and Title: "Anxiety" has been purged, triggered by action: save_post 
[2026-02-04 13:57:25 : INFO] - Cache for URL: http://localhost/zeliigcaretheme/anxiety/ has been purged, triggered by action: save_post 
[2026-02-04 13:57:25 : INFO] - Cache for author page URL: http://localhost/zeliigcaretheme/author/admin/ associated with post_type: page and Title: "Anxiety" has been purged, triggered by action: save_post 
[2026-02-04 13:57:25 : INFO] - Cache for URL: http://localhost/zeliigcaretheme/anxiety/ has been purged, triggered by action: save_post 
[2026-02-04 13:57:25 : INFO] - Cache for author page URL: http://localhost/zeliigcaretheme/author/admin/ associated with post_type: page and Title: "Anxiety" has been purged, triggered by action: save_post 
[2026-02-04 13:57:25 : INFO] - Cache for URL: http://localhost/zeliigcaretheme/anxiety/ has been purged, triggered by action: save_post 
[2026-02-04 13:57:25 : INFO] - Cache for author page URL: http://localhost/zeliigcaretheme/author/admin/ associated with post_type: page and Title: "Anxiety" has been purged, triggered by action: save_post 
[2026-02-04 13:59:04 : INFO] - Cache for URL: http://localhost/zeliigcaretheme/anxiety/ has been purged, triggered by action: save_post 
[2026-02-04 13:59:04 : INFO] - Cache for author page URL: http://localhost/zeliigcaretheme/author/admin/ associated with post_type: page and Title: "Anxiety" has been purged, triggered by action: save_post 
[2026-02-04 13:59:04 : INFO] - Cache for URL: http://localhost/zeliigcaretheme/anxiety/ has been purged, triggered by action: save_post 
[2026-02-04 13:59:04 : INFO] - Cache for author page URL: http://localhost/zeliigcaretheme/author/admin/ associated with post_type: page and Title: "Anxiety" has been purged, triggered by action: save_post 
[2026-02-04 13:59:05 : INFO] - Cache for URL: http://localhost/zeliigcaretheme/anxiety/ has been purged, triggered by action: save_post 
[2026-02-04 13:59:05 : INFO] - Cache for author page URL: http://localhost/zeliigcaretheme/author/admin/ associated with post_type: page and Title: "Anxiety" has been purged, triggered by action: save_post 
[2026-02-04 13:59:42 : INFO] - Cache for URL: http://localhost/zeliigcaretheme/anxiety/ has been purged, triggered by action: save_post 
[2026-02-04 13:59:42 : INFO] - Cache for author page URL: http://localhost/zeliigcaretheme/author/admin/ associated with post_type: page and Title: "Anxiety" has been purged, triggered by action: save_post 
[2026-02-04 13:59:42 : INFO] - Cache for URL: http://localhost/zeliigcaretheme/anxiety/ has been purged, triggered by action: save_post 
[2026-02-04 13:59:42 : INFO] - Cache for author page URL: http://localhost/zeliigcaretheme/author/admin/ associated with post_type: page and Title: "Anxiety" has been purged, triggered by action: save_post 
[2026-02-04 13:59:42 : INFO] - Cache for URL: http://localhost/zeliigcaretheme/anxiety/ has been purged, triggered by action: save_post 
[2026-02-04 13:59:42 : INFO] - Cache for author page URL: http://localhost/zeliigcaretheme/author/admin/ associated with post_type: page and Title: "Anxiety" has been purged, triggered by action: save_post 
[2026-02-04 14:01:24 : INFO] - Cache for URL: http://localhost/zeliigcaretheme/anxiety/ has been purged, triggered by action: save_post 
[2026-02-04 14:01:24 : INFO] - Cache for author page URL: http://localhost/zeliigcaretheme/author/admin/ associated with post_type: page and Title: "Anxiety" has been purged, triggered by action: save_post 
[2026-02-04 14:01:24 : INFO] - Cache for URL: http://localhost/zeliigcaretheme/anxiety/ has been purged, triggered by action: save_post 
[2026-02-04 14:01:24 : INFO] - Cache for author page URL: http://localhost/zeliigcaretheme/author/admin/ associated with post_type: page and Title: "Anxiety" has been purged, triggered by action: save_post 
[2026-02-04 14:01:24 : INFO] - Cache for URL: http://localhost/zeliigcaretheme/anxiety/ has been purged, triggered by action: save_post 
[2026-02-04 14:01:24 : INFO] - Cache for author page URL: http://localhost/zeliigcaretheme/author/admin/ associated with post_type: page and Title: "Anxiety" has been purged, triggered by action: save_post 
[2026-02-04 14:02:11 : INFO] - Cache for URL: http://localhost/zeliigcaretheme/anxiety/ has been purged, triggered by action: save_post 
[2026-02-04 14:02:11 : INFO] - Cache for author page URL: http://localhost/zeliigcaretheme/author/admin/ associated with post_type: page and Title: "Anxiety" has been purged, triggered by action: save_post 
[2026-02-04 14:02:11 : INFO] - Cache for URL: http://localhost/zeliigcaretheme/anxiety/ has been purged, triggered by action: save_post 
[2026-02-04 14:02:11 : INFO] - Cache for author page URL: http://localhost/zeliigcaretheme/author/admin/ associated with post_type: page and Title: "Anxiety" has been purged, triggered by action: save_post 
[2026-02-04 14:02:11 : INFO] - Cache for URL: http://localhost/zeliigcaretheme/anxiety/ has been purged, triggered by action: save_post 
[2026-02-04 14:02:11 : INFO] - Cache for author page URL: http://localhost/zeliigcaretheme/author/admin/ associated with post_type: page and Title: "Anxiety" has been purged, triggered by action: save_post 
[2026-02-04 14:03:09 : INFO] - Cache for URL: http://localhost/zeliigcaretheme/anxiety/ has been purged, triggered by action: save_post 
[2026-02-04 14:03:09 : INFO] - Cache for author page URL: http://localhost/zeliigcaretheme/author/admin/ associated with post_type: page and Title: "Anxiety" has been purged, triggered by action: save_post 
[2026-02-04 14:03:09 : INFO] - Cache for URL: http://localhost/zeliigcaretheme/anxiety/ has been purged, triggered by action: save_post 
[2026-02-04 14:03:09 : INFO] - Cache for author page URL: http://localhost/zeliigcaretheme/author/admin/ associated with post_type: page and Title: "Anxiety" has been purged, triggered by action: save_post 
[2026-02-04 14:03:10 : INFO] - Cache for URL: http://localhost/zeliigcaretheme/anxiety/ has been purged, triggered by action: save_post 
[2026-02-04 14:03:10 : INFO] - Cache for author page URL: http://localhost/zeliigcaretheme/author/admin/ associated with post_type: page and Title: "Anxiety" has been purged, triggered by action: save_post 
[2026-02-04 14:05:01 : INFO] - Cache for URL: http://localhost/zeliigcaretheme/anxiety/ has been purged, triggered by action: save_post 
[2026-02-04 14:05:01 : INFO] - Cache for author page URL: http://localhost/zeliigcaretheme/author/admin/ associated with post_type: page and Title: "Anxiety" has been purged, triggered by action: save_post 
[2026-02-04 14:05:01 : INFO] - Cache for URL: http://localhost/zeliigcaretheme/anxiety/ has been purged, triggered by action: save_post 
[2026-02-04 14:05:01 : INFO] - Cache for author page URL: http://localhost/zeliigcaretheme/author/admin/ associated with post_type: page and Title: "Anxiety" has been purged, triggered by action: save_post 
[2026-02-04 14:05:01 : INFO] - Cache for URL: http://localhost/zeliigcaretheme/anxiety/ has been purged, triggered by action: save_post 
[2026-02-04 14:05:01 : INFO] - Cache for author page URL: http://localhost/zeliigcaretheme/author/admin/ associated with post_type: page and Title: "Anxiety" has been purged, triggered by action: save_post 
[2026-02-04 14:07:00 : INFO] - Cache for URL: http://localhost/zeliigcaretheme/anxiety/ has been purged, triggered by action: save_post 
[2026-02-04 14:07:00 : INFO] - Cache for author page URL: http://localhost/zeliigcaretheme/author/admin/ associated with post_type: page and Title: "Anxiety" has been purged, triggered by action: save_post 
[2026-02-04 14:07:01 : INFO] - Cache for URL: http://localhost/zeliigcaretheme/anxiety/ has been purged, triggered by action: save_post 
[2026-02-04 14:07:01 : INFO] - Cache for author page URL: http://localhost/zeliigcaretheme/author/admin/ associated with post_type: page and Title: "Anxiety" has been purged, triggered by action: save_post 
[2026-02-04 14:07:01 : INFO] - Cache for URL: http://localhost/zeliigcaretheme/anxiety/ has been purged, triggered by action: save_post 
[2026-02-04 14:07:01 : INFO] - Cache for author page URL: http://localhost/zeliigcaretheme/author/admin/ associated with post_type: page and Title: "Anxiety" has been purged, triggered by action: save_post 
[2026-02-04 14:07:51 : INFO] - Cache for URL: http://localhost/zeliigcaretheme/anxiety/ has been purged, triggered by action: save_post 
[2026-02-04 14:07:51 : INFO] - Cache for author page URL: http://localhost/zeliigcaretheme/author/admin/ associated with post_type: page and Title: "Anxiety" has been purged, triggered by action: save_post 
[2026-02-04 14:07:51 : INFO] - Cache for URL: http://localhost/zeliigcaretheme/anxiety/ has been purged, triggered by action: save_post 
[2026-02-04 14:07:51 : INFO] - Cache for author page URL: http://localhost/zeliigcaretheme/author/admin/ associated with post_type: page and Title: "Anxiety" has been purged, triggered by action: save_post 
[2026-02-04 14:07:51 : INFO] - Cache for URL: http://localhost/zeliigcaretheme/anxiety/ has been purged, triggered by action: save_post 
[2026-02-04 14:07:51 : INFO] - Cache for author page URL: http://localhost/zeliigcaretheme/author/admin/ associated with post_type: page and Title: "Anxiety" has been purged, triggered by action: save_post 
[2026-02-04 14:13:31 : INFO] - Cache for URL: http://localhost/zeliigcaretheme/adhd/ has been purged, triggered by action: save_post 
[2026-02-04 14:13:31 : INFO] - Cache for author page URL: http://localhost/zeliigcaretheme/author/admin/ associated with post_type: page and Title: "ADHD" has been purged, triggered by action: save_post 
[2026-02-04 14:13:31 : INFO] - Cache for URL: http://localhost/zeliigcaretheme/adhd/ has been purged, triggered by action: save_post 
[2026-02-04 14:13:31 : INFO] - Cache for author page URL: http://localhost/zeliigcaretheme/author/admin/ associated with post_type: page and Title: "ADHD" has been purged, triggered by action: save_post 
[2026-02-04 14:13:31 : INFO] - Cache for URL: http://localhost/zeliigcaretheme/adhd/ has been purged, triggered by action: save_post 
[2026-02-04 14:13:31 : INFO] - Cache for author page URL: http://localhost/zeliigcaretheme/author/admin/ associated with post_type: page and Title: "ADHD" has been purged, triggered by action: save_post 
[2026-02-04 14:13:43 : INFO] - Cache for URL: http://localhost/zeliigcaretheme/adhd/ has been purged, triggered by action: save_post 
[2026-02-04 14:13:43 : INFO] - Cache for author page URL: http://localhost/zeliigcaretheme/author/admin/ associated with post_type: page and Title: "ADHD" has been purged, triggered by action: save_post 
[2026-02-04 14:13:43 : INFO] - Cache for URL: http://localhost/zeliigcaretheme/adhd/ has been purged, triggered by action: save_post 
[2026-02-04 14:13:43 : INFO] - Cache for author page URL: http://localhost/zeliigcaretheme/author/admin/ associated with post_type: page and Title: "ADHD" has been purged, triggered by action: save_post 
[2026-02-04 14:13:44 : INFO] - Cache for URL: http://localhost/zeliigcaretheme/adhd/ has been purged, triggered by action: save_post 
[2026-02-04 14:13:44 : INFO] - Cache for author page URL: http://localhost/zeliigcaretheme/author/admin/ associated with post_type: page and Title: "ADHD" has been purged, triggered by action: save_post 
[2026-02-04 14:18:41 : INFO] - Cache for URL: http://localhost/zeliigcaretheme/bipolar/ has been purged, triggered by action: save_post 
[2026-02-04 14:18:41 : INFO] - Cache for author page URL: http://localhost/zeliigcaretheme/author/admin/ associated with post_type: page and Title: "Bipolar" has been purged, triggered by action: save_post 
[2026-02-04 14:18:41 : INFO] - Cache for URL: http://localhost/zeliigcaretheme/bipolar/ has been purged, triggered by action: save_post 
[2026-02-04 14:18:41 : INFO] - Cache for author page URL: http://localhost/zeliigcaretheme/author/admin/ associated with post_type: page and Title: "Bipolar" has been purged, triggered by action: save_post 
[2026-02-04 14:18:41 : INFO] - Cache for URL: http://localhost/zeliigcaretheme/bipolar/ has been purged, triggered by action: save_post 
[2026-02-04 14:18:41 : INFO] - Cache for author page URL: http://localhost/zeliigcaretheme/author/admin/ associated with post_type: page and Title: "Bipolar" has been purged, triggered by action: save_post 
[2026-02-04 14:21:37 : INFO] - Cache for URL: http://localhost/zeliigcaretheme/bipolar/ has been purged, triggered by action: save_post 
[2026-02-04 14:21:37 : INFO] - Cache for author page URL: http://localhost/zeliigcaretheme/author/admin/ associated with post_type: page and Title: "Bipolar" has been purged, triggered by action: save_post 
[2026-02-04 14:21:37 : INFO] - Cache for URL: http://localhost/zeliigcaretheme/bipolar/ has been purged, triggered by action: save_post 
[2026-02-04 14:21:37 : INFO] - Cache for author page URL: http://localhost/zeliigcaretheme/author/admin/ associated with post_type: page and Title: "Bipolar" has been purged, triggered by action: save_post 
[2026-02-04 14:21:37 : INFO] - Cache for URL: http://localhost/zeliigcaretheme/bipolar/ has been purged, triggered by action: save_post 
[2026-02-04 14:21:37 : INFO] - Cache for author page URL: http://localhost/zeliigcaretheme/author/admin/ associated with post_type: page and Title: "Bipolar" has been purged, triggered by action: save_post 
[2026-02-04 14:22:06 : INFO] - Cache for URL: http://localhost/zeliigcaretheme/bipolar/ has been purged, triggered by action: save_post 
[2026-02-04 14:22:06 : INFO] - Cache for author page URL: http://localhost/zeliigcaretheme/author/admin/ associated with post_type: page and Title: "Bipolar" has been purged, triggered by action: save_post 
[2026-02-04 14:22:06 : INFO] - Cache for URL: http://localhost/zeliigcaretheme/bipolar/ has been purged, triggered by action: save_post 
[2026-02-04 14:22:06 : INFO] - Cache for author page URL: http://localhost/zeliigcaretheme/author/admin/ associated with post_type: page and Title: "Bipolar" has been purged, triggered by action: save_post 
[2026-02-04 14:22:07 : INFO] - Cache for URL: http://localhost/zeliigcaretheme/bipolar/ has been purged, triggered by action: save_post 
[2026-02-04 14:22:07 : INFO] - Cache for author page URL: http://localhost/zeliigcaretheme/author/admin/ associated with post_type: page and Title: "Bipolar" has been purged, triggered by action: save_post 
[2026-02-04 14:23:21 : INFO] - Cache for URL: http://localhost/zeliigcaretheme/bipolar/ has been purged, triggered by action: save_post 
[2026-02-04 14:23:21 : INFO] - Cache for author page URL: http://localhost/zeliigcaretheme/author/admin/ associated with post_type: page and Title: "Bipolar" has been purged, triggered by action: save_post 
[2026-02-04 14:23:21 : INFO] - Cache for URL: http://localhost/zeliigcaretheme/bipolar/ has been purged, triggered by action: save_post 
[2026-02-04 14:23:21 : INFO] - Cache for author page URL: http://localhost/zeliigcaretheme/author/admin/ associated with post_type: page and Title: "Bipolar" has been purged, triggered by action: save_post 
[2026-02-04 14:23:21 : INFO] - Cache for URL: http://localhost/zeliigcaretheme/bipolar/ has been purged, triggered by action: save_post 
[2026-02-04 14:23:21 : INFO] - Cache for author page URL: http://localhost/zeliigcaretheme/author/admin/ associated with post_type: page and Title: "Bipolar" has been purged, triggered by action: save_post 
[2026-02-04 14:23:58 : INFO] - Cache for URL: http://localhost/zeliigcaretheme/anxiety/ has been purged, triggered by action: save_post 
[2026-02-04 14:23:58 : INFO] - Cache for author page URL: http://localhost/zeliigcaretheme/author/admin/ associated with post_type: page and Title: "Anxiety" has been purged, triggered by action: save_post 
[2026-02-04 14:23:59 : INFO] - Cache for URL: http://localhost/zeliigcaretheme/anxiety/ has been purged, triggered by action: save_post 
[2026-02-04 14:23:59 : INFO] - Cache for author page URL: http://localhost/zeliigcaretheme/author/admin/ associated with post_type: page and Title: "Anxiety" has been purged, triggered by action: save_post 
[2026-02-04 14:23:59 : INFO] - Cache for URL: http://localhost/zeliigcaretheme/anxiety/ has been purged, triggered by action: save_post 
[2026-02-04 14:23:59 : INFO] - Cache for author page URL: http://localhost/zeliigcaretheme/author/admin/ associated with post_type: page and Title: "Anxiety" has been purged, triggered by action: save_post 
[2026-02-04 14:40:19 : INFO] - Cache for URL: http://localhost/zeliigcaretheme/specialties/insomnia/ has been purged, triggered by action: wp_trash_post 
[2026-02-04 14:49:25 : INFO] - Cache for URL: http://localhost/zeliigcaretheme/new-page/ has been purged, triggered by action: save_post 
[2026-02-04 14:49:25 : INFO] - Cache for author page URL: http://localhost/zeliigcaretheme/author/admin/ associated with post_type: page and Title: "New page" has been purged, triggered by action: save_post 
[2026-02-04 14:49:27 : INFO] - Cache for URL: http://localhost/zeliigcaretheme/new-page/ has been purged, triggered by action: save_post 
[2026-02-04 14:49:27 : INFO] - Cache for author page URL: http://localhost/zeliigcaretheme/author/admin/ associated with post_type: page and Title: "New page" has been purged, triggered by action: save_post 
[2026-02-04 14:50:43 : INFO] - Cache for URL: http://localhost/zeliigcaretheme/specialties/xyz/ has been purged, triggered by action: save_post 
[2026-02-04 14:50:43 : INFO] - Cache for archive page associated with post_type: specialty and Title: "xyz" has been purged, triggered by action: save_post 
[2026-02-04 14:50:46 : INFO] - Cache for URL: http://localhost/zeliigcaretheme/specialties/xyz/ has been purged, triggered by action: save_post 
[2026-02-04 14:50:46 : INFO] - Cache for archive page associated with post_type: specialty and Title: "xyz" has been purged, triggered by action: save_post 
[2026-02-04 14:52:53 : INFO] - Cache for URL: http://localhost/zeliigcaretheme/adhd/ has been purged, triggered by action: save_post 
[2026-02-04 14:52:53 : INFO] - Cache for author page URL: http://localhost/zeliigcaretheme/author/admin/ associated with post_type: page and Title: "ADHD" has been purged, triggered by action: save_post 
[2026-02-04 14:52:53 : INFO] - Cache for URL: http://localhost/zeliigcaretheme/adhd/ has been purged, triggered by action: save_post 
[2026-02-04 14:52:53 : INFO] - Cache for author page URL: http://localhost/zeliigcaretheme/author/admin/ associated with post_type: page and Title: "ADHD" has been purged, triggered by action: save_post 
[2026-02-04 14:52:54 : INFO] - Cache for URL: http://localhost/zeliigcaretheme/adhd/ has been purged, triggered by action: save_post 
[2026-02-04 14:52:54 : INFO] - Cache for author page URL: http://localhost/zeliigcaretheme/author/admin/ associated with post_type: page and Title: "ADHD" has been purged, triggered by action: save_post 
